// Jest Snapshot v1, https://goo.gl/fbAQLP

exports[`App displays the app 1`] = `
<div
  className="App"
>
  <header
    className="App-header"
  >
    <p>
      TODO
    </p>
  </header>
  <div>
    <ul>
      <li
        style={
          Object {
            "backgroundColor": "#B4FCF7",
            "color": "pink",
            "listStyleType": "none",
            "marginTop": "10px",
          }
        }
      >
        <p>
          join experimental noise band
        </p>
        <p />
      </li>
      <li
        style={
          Object {
            "backgroundColor": "#B4FCF7",
            "color": "pink",
            "listStyleType": "none",
            "marginTop": "10px",
          }
        }
      >
        <p>
          become bilingual
        </p>
        <p />
      </li>
    </ul>
  </div>
</div>
`;
