// Jest Snapshot v1, https://goo.gl/fbAQLP

exports[`presentation has not changed 1`] = `
<div>
  <ul>
    <li
      style={
        Object {
          "backgroundColor": "#B4FCF7",
          "color": "pink",
          "listStyleType": "none",
          "marginTop": "10px",
        }
      }
    >
      <p>
        do laundry
      </p>
      <p />
    </li>
  </ul>
</div>
`;
